// Jest Snapshot v1, https://goo.gl/fbAQLP

exports[`Snapshot of the Charts bar chart renders correctly 1`] = `
<div>
  <svg
    className="vizzlo-bar"
    height={550}
    width={900}
  >
    <g>
      <g
        className="axis axis-Bottom"
        transform="translate(0, 450)"
      />
      <g
        className="axis axis-Left"
        transform="translate(60, 0)"
      />
    </g>
    <g>
      <rect
        className="bar-chart"
        fill="#E74C3C"
        height={400}
        width={74.54545454545455}
        x={134.54545454545456}
        y={50}
      >
        <title>
          €640
        </title>
      </rect>
      <rect
        className="bar-chart"
        fill="#3498DB"
        height={84.375}
        width={74.54545454545455}
        x={283.6363636363636}
        y={365.625}
      >
        <title>
          €135
        </title>
      </rect>
      <rect
        className="bar-chart"
        fill="#2ECC71"
        height={25}
        width={74.54545454545455}
        x={432.72727272727275}
        y={425}
      >
        <title>
          €40
        </title>
      </rect>
      <rect
        className="bar-chart"
        fill="#F1C40F"
        height={34.375}
        width={74.54545454545455}
        x={581.8181818181818}
        y={415.625}
      >
        <title>
          €55
        </title>
      </rect>
      <rect
        className="bar-chart"
        fill="#9B59B6"
        height={2.5}
        width={74.54545454545455}
        x={730.909090909091}
        y={447.5}
      >
        <title>
          €4
        </title>
      </rect>
    </g>
  </svg>
</div>
`;

exports[`Snapshot of the Charts pie chart renders correctly 1`] = `
<div>
  <svg
    height={768}
    width={1024}
  >
    <g
      className="vizzlo-pie"
      transform="translate(512, 384)"
    >
      <g>
        <g>
          <path
            className="pie-chart"
            d="M1.6459252980540425e-14,-268.79999999999995A268.79999999999995,268.79999999999995,0,1,1,-267.13294426175577,29.890300936017372L0,0Z"
            fill="#E74C3C"
            stroke="#fff"
          />
          <text
            className="pie-label"
            dy=".35em"
            transform="translate(216.75809842577604,193.85707819639075)"
          >
            Plane Ticket
          </text>
          <title>
            €640
          </title>
        </g>
        <g>
          <path
            className="pie-chart"
            d="M-267.13294426175577,29.890300936017372A268.79999999999995,268.79999999999995,0,0,1,-175.56142840409314,-203.54759850392355L0,0Z"
            fill="#3498DB"
            stroke="#fff"
          />
          <text
            className="pie-label"
            dy=".35em"
            transform="translate(-270.7162670850935,-106.19483384568348)"
          >
            Hotel
          </text>
          <title>
            €135
          </title>
        </g>
        <g>
          <path
            className="pie-chart"
            d="M-175.56142840409314,-203.54759850392355A268.79999999999995,268.79999999999995,0,0,1,-110.62386551366183,-244.9812245434642L0,0Z"
            fill="#2ECC71"
            stroke="#fff"
          />
          <text
            className="pie-label"
            dy=".35em"
            transform="translate(-156.41810638349463,-245.1489669474496)"
          >
            Rental Car
          </text>
          <title>
            €40
          </title>
        </g>
        <g>
          <path
            className="pie-chart"
            d="M-110.62386551366183,-244.9812245434642A268.79999999999995,268.79999999999995,0,0,1,-7.728546712904792,-268.6888713097482L0,0Z"
            fill="#F1C40F"
            stroke="#fff"
          />
          <text
            className="pie-label"
            dy=".35em"
            transform="translate(-65.29127818151156,-283.3755264546048)"
          >
            Dinner
          </text>
          <title>
            €55
          </title>
        </g>
        <g>
          <path
            className="pie-chart"
            d="M-7.728546712904792,-268.6888713097482A268.79999999999995,268.79999999999995,0,0,1,1.8936460027377234e-13,-268.79999999999995L0,0Z"
            fill="#9B59B6"
            stroke="#fff"
          />
          <text
            className="pie-label"
            dy=".35em"
            transform="translate(-4.180977882100866,-290.7699424355092)"
          >
            Postcards
          </text>
          <title>
            €4
          </title>
        </g>
      </g>
    </g>
  </svg>
</div>
`;
