// Jest Snapshot v1, https://goo.gl/fbAQLP

exports[`Snapshot of the Charts bar chart renders correctly 1`] = `
<div>
  <svg
    className="vizzlo-bar"
    height={550}
    width={600}
  >
    <g>
      <g
        className="axis axis-Bottom"
        transform="translate(0, 450)"
      />
      <g
        className="axis axis-Left"
        transform="translate(60, 0)"
      />
    </g>
    <g>
      <rect
        className="bar-chart"
        fill="#E74C3C"
        height={400}
        width={47.27272727272727}
        x={107.27272727272728}
        y={50}
      >
        <title>
          €268
        </title>
      </rect>
      <rect
        className="bar-chart"
        fill="#3498DB"
        height={297.0149253731343}
        width={47.27272727272727}
        x={201.8181818181818}
        y={152.9850746268657}
      >
        <title>
          €199
        </title>
      </rect>
      <rect
        className="bar-chart"
        fill="#2ECC71"
        height={73.13432835820896}
        width={47.27272727272727}
        x={296.3636363636364}
        y={376.86567164179104}
      >
        <title>
          €49
        </title>
      </rect>
      <rect
        className="bar-chart"
        fill="#F1C40F"
        height={167.16417910447763}
        width={47.27272727272727}
        x={390.9090909090909}
        y={282.8358208955224}
      >
        <title>
          €112
        </title>
      </rect>
      <rect
        className="bar-chart"
        fill="#9B59B6"
        height={4.477611940298516}
        width={47.27272727272727}
        x={485.4545454545455}
        y={445.5223880597015}
      >
        <title>
          €3
        </title>
      </rect>
    </g>
  </svg>
</div>
`;

exports[`Snapshot of the Charts pie chart renders correctly 1`] = `
<div>
  <svg
    height={768}
    width={1024}
  >
    <g
      className="vizzlo-pie"
      transform="translate(512, 384)"
    >
      <g>
        <g>
          <path
            className="pie-chart"
            d="M1.6459252980540425e-14,-268.79999999999995A268.79999999999995,268.79999999999995,0,0,1,122.4498091963193,239.28954057330836L0,0Z"
            fill="#E74C3C"
            stroke="#fff"
          />
          <text
            className="pie-label"
            dy=".35em"
            transform="translate(282.70591778260774,-68.13225411428436)"
          >
            Plane Ticket
          </text>
          <title>
            €268
          </title>
        </g>
        <g>
          <path
            className="pie-chart"
            d="M122.4498091963193,239.28954057330836A268.79999999999995,268.79999999999995,0,0,1,-268.2796205422943,16.717810911795457L0,0Z"
            fill="#3498DB"
            stroke="#fff"
          />
          <text
            className="pie-label"
            dy=".35em"
            transform="translate(-143.93473051825285,252.68049657747216)"
          >
            Hotel
          </text>
          <title>
            €199
          </title>
        </g>
        <g>
          <path
            className="pie-chart"
            d="M-268.2796205422943,16.717810911795457A268.79999999999995,268.79999999999995,0,0,1,-244.8114211828039,-110.99913539508209L0,0Z"
            fill="#2ECC71"
            stroke="#fff"
          />
          <text
            className="pie-label"
            dy=".35em"
            transform="translate(-286.0115422167739,-52.55509222504099)"
          >
            Rental Car
          </text>
          <title>
            €49
          </title>
        </g>
        <g>
          <path
            className="pie-chart"
            d="M-244.8114211828039,-110.99913539508209A268.79999999999995,268.79999999999995,0,0,1,-8.028537396126536,-268.6800747864995L0,0Z"
            fill="#F1C40F"
            stroke="#fff"
          />
          <text
            className="pie-label"
            dy=".35em"
            transform="translate(-161.18343484254456,-242.04243498270952)"
          >
            Dinner
          </text>
          <title>
            €112
          </title>
        </g>
        <g>
          <path
            className="pie-chart"
            d="M-8.028537396126536,-268.6800747864995A268.79999999999995,268.79999999999995,0,0,1,-4.937775894162127e-14,-268.79999999999995L0,0Z"
            fill="#9B59B6"
            stroke="#fff"
          />
          <text
            className="pie-label"
            dy=".35em"
            transform="translate(-4.343301943872534,-290.76756306064186)"
          >
            Postcards
          </text>
          <title>
            €3
          </title>
        </g>
      </g>
    </g>
  </svg>
</div>
`;
